osxphotos crash log
Created: 2025-06-16 02:26:00.608618
osxphotos version: 0.69.2
Platform: macOS-15.5-arm64-arm-64bit
Python version: 3.10.12 | packaged by conda-forge | (main, Jun 23 2023, 22:41:52) [Clang 15.0.7 ]
sys.argv: ['/opt/homebrew/Caskroom/miniforge/base/bin/osxphotos', 'export', '/Users/ochafik/tmp/osxphotos-test/without-jpegli', '--limit', '50', '--verbose']
CRASH_DATA:
locals: {'db': None, 'add_exported_to_album': None, 'add_missing_to_album': None, 'add_skipped_to_album': None, 'added_after': None, 'added_before': None, 'added_in_last': None, 'album': (), 'album_keyword': False, 'alt_db': None, 'alt_copy': False, 'append': False, 'fix_orientation': False, 'beta': False, 'burst': False, 'checkpoint': None, 'cleanup': False, 'cloudasset': False, 'config_only': False, 'convert_to_jpeg': False, 'jpegli_reencode': False, 'crash_after': None, 'current_name': False, 'deleted': False, 'deleted_only': False, 'description': (), 'description_template': None, 'directory': None, 'download_missing': False, 'duplicate': False, 'edited': False, 'edited_suffix': None, 'exif': (), 'exiftool': False, 'exiftool_merge_keywords': False, 'exiftool_merge_persons': False, 'exiftool_option': (), 'exiftool_path': None, 'export_as_hardlink': False, 'export_by_date': False, 'exportdb': None, 'external_edit': False, 'favorite': False, 'favorite_rating': False, 'filename_template': None, 'finder_tag_keywords': False, 'finder_tag_template': (), 'folder': (), 'force_update': False, 'from_date': None, 'from_time': None, 'has_comment': False, 'has_likes': False, 'has_raw': False, 'hdr': False, 'hidden': False, 'ignore_case': False, 'ignore_date_modified': False, 'ignore_exportdb': False, 'ignore_signature': False, 'in_album': False, 'incloud': False, 'is_reference': False, 'jpeg_ext': None, 'jpeg_quality': None, 'jpegli_reencode_quality': None, 'keep': (), 'keyword': (), 'keyword_template': (), 'label': (), 'limit': 50, 'live': False, 'load_config': None, 'location': False, 'max_size': None, 'min_size': None, 'missing': False, 'name': (), 'no_comment': False, 'no_description': False, 'no_exportdb': False, 'no_keyword': False, 'no_likes': False, 'no_location': False, 'no_place': False, 'no_progress': False, 'no_title': False, 'not_burst': False, 'not_cloudasset': False, 'not_edited': False, 'not_favorite': False, 'not_hdr': False, 'not_hidden': False, 'not_in_album': False, 'not_incloud': False, 'not_live': False, 'not_missing': False, 'not_panorama': False, 'not_portrait': False, 'not_reference': False, 'not_screenshot': False, 'not_screen_recording': False, 'not_selfie': False, 'not_shared': False, 'not_slow_mo': False, 'not_time_lapse': False, 'only_movies': False, 'only_new': False, 'only_photos': False, 'original_suffix': None, 'overwrite': False, 'panorama': False, 'person': (), 'person_keyword': False, 'place': (), 'portrait': False, 'post_command': (), 'post_command_error': None, 'post_function': (), 'preview': False, 'preview_if_missing': False, 'preview_suffix': None, 'print_template': (), 'query_eval': (), 'query_function': (), 'ramdb': False, 'regex': (), 'replace_keywords': False, 'report': None, 'retry': None, 'save_config': None, 'screenshot': False, 'screen_recording': False, 'selfie': False, 'shared': False, 'export_aae': False, 'sidecar_drop_ext': False, 'sidecar_template': (), 'skip_bursts': False, 'skip_edited': False, 'skip_live': False, 'skip_original_if_edited': False, 'skip_raw': False, 'skip_uuid_from_file': None, 'slow_mo': False, 'strip': False, 'theme': None, 'time_lapse': False, 'timestamp': False, 'title': (), 'tmpdir': None, 'to_date': None, 'to_time': None, 'touch_file': False, 'update': False, 'update_errors': False, 'use_photokit': False, 'use_photos_export': False, 'uti': None, 'uuid': (), 'uuid_from_file': None, 'verbose_flag': 1, 'xattr_template': (), 'year': (), 'syndicated': False, 'not_syndicated': False, 'saved_to_library': False, 'not_saved_to_library': False, 'shared_moment': False, 'not_shared_moment': False, 'shared_library': False, 'not_shared_library': False, 'selected': False, 'ctx': <click.core.Context object at 0x101247c70>, 'cli_obj': <osxphotos.cli.cli.CLI_Obj object at 0x10f7226b0>, 'dest': '/Users/ochafik/tmp/osxphotos-test/without-jpegli', 'dry_run': False, 'sidecar': (), 'skip_uuid': ()}
osxphotos version: 0.69.2
Error: export_photo_to_directory() missing 1 required positional argument: 'jpegli_reencode_quality'
Traceback (most recent call last):
  File "/Users/ochafik/github/osxphotos/osxphotos/crash_reporter.py", line 79, in wrapped
    return func(*args, **kwargs)
  File "/Users/ochafik/github/osxphotos/osxphotos/cli/export.py", line 1141, in export
    return_code = export_cli(**locals())
  File "/Users/ochafik/github/osxphotos/osxphotos/cli/export.py", line 2013, in export_cli
    export_results = export_photo(**kwargs)
  File "/Users/ochafik/github/osxphotos/osxphotos/cli/export.py", line 2652, in export_photo
    results += export_photo_to_directory(
TypeError: export_photo_to_directory() missing 1 required positional argument: 'jpegli_reencode_quality'
